// Jest Snapshot v1, https://goo.gl/fbAQLP

exports[`Nav Overlay Matches Snapshot 1`] = `
<div>
  <aside
    id="layer"
  >
    <ul>
      <li>
        <a
          href="/Shopping-Cart/"
        >
          HOME
        </a>
      </li>
      <li>
        <a
          href="/Shopping-Cart/products"
        >
          PRODUCTS
        </a>
      </li>
      <li>
        <a
          href="/Shopping-Cart/cart"
        >
          CART
        </a>
      </li>
    </ul>
  </aside>
</div>
`;
